\BOOKMARK [1][-]{section.1}{\376\377\000E\000x\000e\000c\000u\000t\000i\000v\000e\000\040\000S\000u\000m\000m\000a\000r\000y}{}% 1
\BOOKMARK [1][-]{section.2}{\376\377\000S\000y\000s\000t\000e\000m\000\040\000A\000r\000c\000h\000i\000t\000e\000c\000t\000u\000r\000e}{}% 2
\BOOKMARK [2][-]{subsection.2.1}{\376\377\000C\000o\000m\000p\000o\000n\000e\000n\000t\000\040\000O\000v\000e\000r\000v\000i\000e\000w}{section.2}% 3
\BOOKMARK [2][-]{subsection.2.2}{\376\377\000P\000o\000r\000t\000\040\000M\000a\000p}{section.2}% 4
\BOOKMARK [2][-]{subsection.2.3}{\376\377\000A\000r\000c\000h\000i\000t\000e\000c\000t\000u\000r\000e\000\040\000D\000i\000a\000g\000r\000a\000m}{section.2}% 5
\BOOKMARK [2][-]{subsection.2.4}{\376\377\000S\000t\000o\000r\000a\000g\000e\000\040\000L\000a\000y\000o\000u\000t}{section.2}% 6
\BOOKMARK [1][-]{section.3}{\376\377\000R\000e\000q\000u\000e\000s\000t\000\040\000F\000l\000o\000w\000s}{}% 7
\BOOKMARK [2][-]{subsection.3.1}{\376\377\000I\000n\000s\000e\000r\000t\000\040\000a\000n\000d\000\040\000D\000e\000l\000e\000t\000e\000\040\000F\000l\000o\000w}{section.3}% 8
\BOOKMARK [2][-]{subsection.3.2}{\376\377\000S\000e\000a\000r\000c\000h\000\040\000F\000l\000o\000w}{section.3}% 9
\BOOKMARK [2][-]{subsection.3.3}{\376\377\000W\000A\000L\000\040\000R\000e\000c\000o\000v\000e\000r\000y\000\040\000F\000l\000o\000w}{section.3}% 10
\BOOKMARK [1][-]{section.4}{\376\377\000D\000a\000t\000a\000s\000e\000t\000\040\000I\000n\000f\000o\000r\000m\000a\000t\000i\000o\000n}{}% 11
\BOOKMARK [1][-]{section.5}{\376\377\000B\000e\000n\000c\000h\000m\000a\000r\000k\000\040\000M\000e\000t\000h\000o\000d\000o\000l\000o\000g\000y}{}% 12
\BOOKMARK [2][-]{subsection.5.1}{\376\377\000M\000e\000a\000s\000u\000r\000e\000d\000\040\000Q\000u\000a\000n\000t\000i\000t\000i\000e\000s}{section.5}% 13
\BOOKMARK [2][-]{subsection.5.2}{\376\377\000K\000e\000y\000\040\000C\000o\000m\000m\000a\000n\000d\000s}{section.5}% 14
\BOOKMARK [1][-]{section.6}{\376\377\000B\000e\000n\000c\000h\000m\000a\000r\000k\000\040\000R\000e\000s\000u\000l\000t\000s}{}% 15
\BOOKMARK [2][-]{subsection.6.1}{\376\377\000L\000o\000a\000d\000\040\000T\000h\000r\000o\000u\000g\000h\000p\000u\000t}{section.6}% 16
\BOOKMARK [2][-]{subsection.6.2}{\376\377\000S\000e\000a\000r\000c\000h\000\040\000T\000h\000r\000o\000u\000g\000h\000p\000u\000t\000\040\000a\000n\000d\000\040\000L\000a\000t\000e\000n\000c\000y}{section.6}% 17
\BOOKMARK [2][-]{subsection.6.3}{\376\377\000R\000e\000c\000a\000l\000l}{section.6}% 18
\BOOKMARK [2][-]{subsection.6.4}{\376\377\000R\000e\000a\000d\000e\000r\000\040\000S\000c\000a\000l\000i\000n\000g}{section.6}% 19
\BOOKMARK [1][-]{section.7}{\376\377\000C\000o\000r\000r\000e\000c\000t\000n\000e\000s\000s\000\040\000a\000n\000d\000\040\000F\000e\000a\000t\000u\000r\000e\000\040\000T\000e\000s\000t\000s}{}% 20
\BOOKMARK [2][-]{subsection.7.1}{\376\377\000T\000e\000s\000t\000\040\000S\000u\000i\000t\000e\000\040\000O\000v\000e\000r\000v\000i\000e\000w}{section.7}% 21
\BOOKMARK [2][-]{subsection.7.2}{\376\377\000K\000e\000y\000\040\000F\000e\000a\000t\000u\000r\000e\000\040\000E\000x\000p\000l\000a\000n\000a\000t\000i\000o\000n\000s}{section.7}% 22
\BOOKMARK [3][-]{subsubsection.7.2.1}{\376\377\000I\000V\000F\000\137\000F\000L\000A\000T\000\040\000V\000e\000c\000t\000o\000r\000\040\000S\000e\000a\000r\000c\000h}{subsection.7.2}% 23
\BOOKMARK [3][-]{subsubsection.7.2.2}{\376\377\000W\000A\000L\000\040\000D\000u\000r\000a\000b\000i\000l\000i\000t\000y}{subsection.7.2}% 24
\BOOKMARK [3][-]{subsubsection.7.2.3}{\376\377\000S\000n\000a\000p\000s\000h\000o\000t\000\040\000I\000s\000o\000l\000a\000t\000i\000o\000n}{subsection.7.2}% 25
\BOOKMARK [3][-]{subsubsection.7.2.4}{\376\377\000S\000c\000a\000t\000t\000e\000r\000-\000G\000a\000t\000h\000e\000r\000\040\000v\000s\000.\000\040\000R\000e\000p\000l\000i\000c\000a\000t\000e\000d\000\040\000M\000o\000d\000e\000s}{subsection.7.2}% 26
\BOOKMARK [1][-]{section.8}{\376\377\000F\000a\000u\000l\000t\000\040\000T\000o\000l\000e\000r\000a\000n\000c\000e}{}% 27
\BOOKMARK [2][-]{subsection.8.1}{\376\377\000F\000a\000u\000l\000t\000-\000T\000o\000l\000e\000r\000a\000n\000c\000e\000\040\000M\000a\000t\000r\000i\000x}{section.8}% 28
\BOOKMARK [2][-]{subsection.8.2}{\376\377\000M\000a\000n\000u\000a\000l\000\040\000F\000a\000u\000l\000t\000-\000T\000o\000l\000e\000r\000a\000n\000c\000e\000\040\000C\000o\000m\000m\000a\000n\000d\000s}{section.8}% 29
\BOOKMARK [1][-]{section.9}{\376\377\000D\000i\000s\000c\000u\000s\000s\000i\000o\000n}{}% 30
\BOOKMARK [2][-]{subsection.9.1}{\376\377\000W\000h\000a\000t\000\040\000W\000o\000r\000k\000s}{section.9}% 31
\BOOKMARK [2][-]{subsection.9.2}{\376\377\000O\000b\000s\000e\000r\000v\000e\000d\000\040\000B\000e\000n\000c\000h\000m\000a\000r\000k\000\040\000B\000e\000h\000a\000v\000i\000o\000u\000r}{section.9}% 32
\BOOKMARK [2][-]{subsection.9.3}{\376\377\000K\000n\000o\000w\000n\000\040\000C\000a\000v\000e\000a\000t\000s}{section.9}% 33
\BOOKMARK [1][-]{section.10}{\376\377\000C\000o\000n\000c\000l\000u\000s\000i\000o\000n}{}% 34
\BOOKMARK [1][-]{appendix.A}{\376\377\000R\000u\000n\000t\000i\000m\000e\000\040\000S\000e\000t\000u\000p\000\040\000R\000e\000f\000e\000r\000e\000n\000c\000e}{}% 35
\BOOKMARK [1][-]{appendix.B}{\376\377\000K\000e\000y\000\040\000S\000o\000u\000r\000c\000e\000\040\000P\000a\000t\000h\000s}{}% 36
\BOOKMARK [1][-]{appendix.C}{\376\377\000H\000e\000a\000l\000t\000h\000\040\000C\000h\000e\000c\000k\000\040\000C\000o\000m\000m\000a\000n\000d\000s}{}% 37
